--- Startup times for process: Primary (or UI client) ---

times in msec
 clock   self+sourced   self:  sourced script
 clock   elapsed:              other lines

000.001  000.001: --- NVIM STARTING ---
001.277  001.276: event init
002.091  000.814: early init
016.328  014.237: locale set
016.423  000.095: init first window
018.614  002.191: inits 1
018.926  000.312: window checked
018.936  000.010: parsing arguments
019.614  000.068  000.068: require('vim._core.shared')
019.731  000.005  000.005: require('string.buffer')
019.766  000.065  000.060: require('vim.inspect')
019.836  000.059  000.059: require('vim._core.options')
019.839  000.220  000.096: require('vim._core.editor')
019.900  000.059  000.059: require('vim._core.system')
019.903  000.400  000.054: require('vim._init_packages')
019.906  000.570: init lua interpreter
029.963  010.057: nvim_ui_attach
030.930  000.967: nvim_set_client_info
030.937  000.008: --- NVIM STARTED ---

--- Startup times for process: Embedded ---

times in msec
 clock   self+sourced   self:  sourced script
 clock   elapsed:              other lines

000.002  000.002: --- NVIM STARTING ---
000.676  000.674: event init
001.170  000.494: early init
011.963  010.793: locale set
012.112  000.149: init first window
014.152  002.040: inits 1
014.929  000.777: window checked
014.944  000.016: parsing arguments
016.657  000.167  000.167: require('vim._core.shared')
016.925  000.013  000.013: require('string.buffer')
017.016  000.168  000.155: require('vim.inspect')
017.193  000.143  000.143: require('vim._core.options')
017.204  000.535  000.224: require('vim._core.editor')
017.357  000.148  000.148: require('vim._core.system')
017.366  000.976  000.126: require('vim._init_packages')
017.372  001.452: init lua interpreter
022.100  004.728: expanding arguments
022.179  000.079: inits 2
023.019  000.839: init highlight
023.025  000.006: waiting for UI
023.560  000.535: done waiting for UI
023.590  000.030: clear screen
024.271  000.062  000.062: require('vim.keymap')
028.198  000.673  000.673: sourcing nvim_exec2()
028.367  000.063  000.063: require('vim._core.log')
046.045  016.594  016.594: require('vim.tty')
046.123  000.029  000.029: require('vim.text')
049.664  026.056  008.635: require('vim._core.defaults')
049.675  000.029: init default mappings & autocommands
051.689  000.201  000.201: sourcing /usr/share/nvim/runtime/ftplugin.vim
053.699  000.212  000.212: sourcing /usr/share/nvim/runtime/indent.vim
055.870  000.444  000.444: sourcing /usr/share/nvim/archlinux.lua
055.966  001.278  000.834: sourcing /etc/xdg/nvim/sysinit.vim
071.507  012.526  012.526: require('configs.opt')
072.021  000.504  000.504: require('configs.autocmd')
075.542  000.678  000.678: require('vim._async')
075.566  002.839  002.161: require('vim.pack')
075.725  000.141  000.141: require('vim.fs')
076.098  000.013  000.013: require('vim.F')
084.927  000.509  000.509: require('plugins.tools.mini')
089.732  001.144  001.144: require('onedarkpro.utils')
090.396  003.698  002.555: require('onedarkpro.config')
090.405  005.022  001.324: require('onedarkpro')
093.038  000.954  000.954: require('onedarkpro.lib.hash')
102.979  006.165  006.165: sourcing /root/.local/share/nvim/site/pack/core/opt/onedarkpro.nvim/colors/onedark.lua
103.487  018.549  006.408: require('plugins.embellish.colorscheme')
105.741  002.234  002.234: require('plugins.tools.which-key')
106.885  001.135  001.135: require('plugins.embellish.lualine')
107.816  000.920  000.920: require('plugins.lsp.tree')
111.552  003.129  003.129: require('vim.diagnostic')
111.566  003.744  000.614: require('plugins.lsp.lsp')
111.570  039.315  009.231: require('plugins.base')
111.574  053.002  000.658: sourcing /root/.config/nvim/init.lua
112.054  007.686: sourcing vimrc file(s)
116.968  001.200  001.200: sourcing nvim_exec2() called at /usr/share/nvim/runtime/filetype.lua:0
116.981  002.099  000.899: sourcing /usr/share/nvim/runtime/filetype.lua
121.962  000.263  000.263: sourcing /usr/share/nvim/runtime/syntax/synload.vim
122.178  002.586  002.324: sourcing /usr/share/nvim/runtime/syntax/syntax.vim
131.725  000.727  000.727: require('onedarkpro.commands')
131.762  001.224  000.497: sourcing /root/.local/share/nvim/site/pack/core/opt/onedarkpro.nvim/plugin/onedarkpro.lua
145.202  001.102  001.102: sourcing /usr/share/nvim/runtime/plugin/gzip.vim
164.388  000.487  000.487: sourcing /usr/share/nvim/runtime/pack/dist/opt/matchit/plugin/matchit.vim
165.348  017.027  016.540: sourcing /usr/share/nvim/runtime/plugin/matchit.vim
166.711  000.277  000.277: sourcing /usr/share/nvim/runtime/plugin/matchparen.vim
183.283  000.628  000.628: sourcing /usr/share/nvim/runtime/pack/dist/opt/netrw/plugin/netrwPlugin.vim
184.247  016.522  015.894: sourcing /usr/share/nvim/runtime/plugin/netrwPlugin.vim
186.819  001.627  001.627: sourcing /usr/share/nvim/runtime/plugin/rplugin.vim
188.126  000.220  000.220: sourcing /usr/share/nvim/runtime/plugin/tarPlugin.vim
189.256  000.130  000.130: sourcing /usr/share/nvim/runtime/plugin/tutor.vim
190.520  000.255  000.255: sourcing /usr/share/nvim/runtime/plugin/zipPlugin.vim
191.847  000.340  000.340: sourcing /usr/share/nvim/runtime/plugin/editorconfig.lua
193.171  000.359  000.359: sourcing /usr/share/nvim/runtime/plugin/man.lua
194.955  000.571  000.571: sourcing /usr/share/nvim/runtime/plugin/net.lua
196.368  000.357  000.357: sourcing /usr/share/nvim/runtime/plugin/osc52.lua
197.841  000.482  000.482: sourcing /usr/share/nvim/runtime/plugin/shada.lua
200.812  000.314  000.314: sourcing /usr/share/nvim/runtime/plugin/spellfile.lua
201.217  043.672: loading rtp plugins
204.465  003.249: loading packages
204.718  000.252: loading after plugins
204.737  000.019: inits 3
209.217  004.480: reading ShaDa
210.866  001.649: opening buffers
210.937  000.071: BufEnter autocommands
210.944  000.007: editing files in windows
211.261  000.316: --- NVIM STARTED ---

