--- Startup times for process: Primary (or UI client) ---

times in msec
 clock   self+sourced   self:  sourced script
 clock   elapsed:              other lines

000.002  000.002: --- NVIM STARTING ---
002.006  002.005: event init
003.468  001.462: early init
047.993  044.525: locale set
048.345  000.351: init first window
054.954  006.609: inits 1
056.801  001.847: window checked
056.831  000.030: parsing arguments
059.084  000.231  000.231: require('vim._core.shared')
059.669  000.021  000.021: require('string.buffer')
059.817  000.262  000.241: require('vim.inspect')
060.077  000.204  000.204: require('vim._core.options')
060.090  000.984  000.518: require('vim._core.editor')
060.293  000.197  000.197: require('vim._core.system')
060.302  001.549  000.136: require('vim._init_packages')
060.317  001.937: init lua interpreter
075.396  015.079: nvim_ui_attach
076.062  000.666: nvim_set_client_info
076.070  000.009: --- NVIM STARTED ---

--- Startup times for process: Embedded ---

times in msec
 clock   self+sourced   self:  sourced script
 clock   elapsed:              other lines

000.001  000.001: --- NVIM STARTING ---
000.443  000.442: event init
000.773  000.330: early init
007.949  007.177: locale set
008.015  000.066: init first window
009.186  001.171: inits 1
009.750  000.563: window checked
009.757  000.008: parsing arguments
010.306  000.060  000.060: require('vim._core.shared')
010.394  000.005  000.005: require('string.buffer')
010.422  000.049  000.045: require('vim.inspect')
010.483  000.054  000.054: require('vim._core.options')
010.487  000.177  000.074: require('vim._core.editor')
010.547  000.058  000.058: require('vim._core.system')
010.549  000.334  000.040: require('vim._init_packages')
010.553  000.461: init lua interpreter
015.801  005.248: expanding arguments
015.835  000.034: inits 2
016.135  000.300: init highlight
016.138  000.003: waiting for UI
016.400  000.262: done waiting for UI
016.409  000.009: clear screen
016.778  000.033  000.033: require('vim.keymap')
018.889  000.370  000.370: sourcing nvim_exec2()
019.007  000.046  000.046: require('vim._core.log')
036.401  016.611  016.611: require('vim.tty')
036.472  000.028  000.028: require('vim.text')
041.395  024.977  007.889: require('vim._core.defaults')
041.405  000.019: init default mappings & autocommands
043.404  000.215  000.215: sourcing /usr/share/nvim/runtime/ftplugin.vim
045.508  000.170  000.170: sourcing /usr/share/nvim/runtime/indent.vim
047.445  000.277  000.277: sourcing /usr/share/nvim/archlinux.lua
047.532  001.154  000.877: sourcing /etc/xdg/nvim/sysinit.vim
061.538  011.678  011.678: require('configs.opt')
061.995  000.447  000.447: require('configs.autocmd')
066.230  001.245  001.245: require('vim._async')
066.267  003.622  002.377: require('vim.pack')
066.498  000.208  000.208: require('vim.fs')
066.829  000.008  000.008: require('vim.F')
091.062  001.459  001.459: require('nvim-treesitter')
095.002  002.339  002.339: require('nvim-treesitter.async')
096.008  000.998  000.998: require('nvim-treesitter.config')
096.893  000.878  000.878: require('nvim-treesitter.log')
102.947  006.049  006.049: require('nvim-treesitter.parsers')
104.595  001.623  001.623: require('nvim-treesitter.util')
104.612  013.541  001.654: require('nvim-treesitter.install')
106.670  002.051  002.051: require('nvim-treesitter.parsers')
107.915  018.811  001.759: require('plugins.lsp.tree')
113.810  005.382  005.382: require('vim.diagnostic')
113.825  005.904  000.522: require('plugins.lsp.lsp')
121.149  003.256  003.256: require('onedarkpro.utils')
122.124  005.961  002.705: require('onedarkpro.config')
122.135  007.422  001.460: require('onedarkpro')
124.277  001.417  001.417: require('onedarkpro.lib.hash')
133.857  003.751  003.751: sourcing /root/.local/share/nvim/site/pack/core/opt/onedarkpro.nvim/colors/onedark.lua
134.010  020.181  007.591: require('plugins.embellish.colorscheme')
135.060  001.041  001.041: require('plugins.embellish.lualine')
137.370  001.429  001.429: require('mini.pairs')
140.639  002.127  002.127: require('mini.indentscope')
142.632  001.621  001.621: require('mini.starter')
145.989  003.255  003.255: require('mini.pick')
147.783  001.692  001.692: require('vim.ui')
153.472  001.619  001.619: require('vim.uri')
153.538  005.746  004.127: require('mini.files')
153.706  000.103  000.103: sourcing nvim_exec2() called at /root/.config/nvim/init.lua:0
153.729  000.014  000.014: sourcing nvim_exec2() called at /root/.config/nvim/init.lua:0
162.727  008.939  008.939: require('mini.icons')
164.588  001.527  001.527: require('mini.hipatterns')
167.229  002.558  002.558: require('mini.cursorword')
169.451  002.006  002.006: require('mini.notify')
171.962  002.274  002.274: require('mini.map')
174.021  001.950  001.950: require('mini.animate')
175.051  000.796  000.796: require('mini.trailspace')
175.128  040.058  004.020: require('plugins.tools.mini')
175.613  000.482  000.482: require('plugins.tools.which-key')
175.619  113.413  023.098: require('plugins.base')
175.622  126.695  001.156: sourcing /root/.config/nvim/init.lua
175.873  006.234: sourcing vimrc file(s)
183.326  001.237  001.237: sourcing nvim_exec2() called at /usr/share/nvim/runtime/filetype.lua:0
183.338  001.667  000.430: sourcing /usr/share/nvim/runtime/filetype.lua
188.903  000.283  000.283: sourcing /usr/share/nvim/runtime/syntax/synload.vim
189.120  002.915  002.632: sourcing /usr/share/nvim/runtime/syntax/syntax.vim
206.686  001.220  001.220: require('vim.treesitter.language')
207.767  001.070  001.070: require('vim.func')
209.630  001.856  001.856: require('vim.treesitter._range')
210.874  001.235  001.235: require('vim.func._memoize')
210.937  007.156  001.775: require('vim.treesitter.query')
210.960  008.905  001.749: require('vim.treesitter.languagetree')
210.969  010.359  001.454: require('vim.treesitter')
211.196  011.050  000.692: sourcing /root/.local/share/nvim/site/pack/core/opt/nvim-treesitter/plugin/filetypes.lua
213.565  000.647  000.647: sourcing /root/.local/share/nvim/site/pack/core/opt/nvim-treesitter/plugin/nvim-treesitter.lua
215.929  000.394  000.394: sourcing /root/.local/share/nvim/site/pack/core/opt/nvim-treesitter/plugin/query_predicates.lua
221.602  001.363  001.363: require('onedarkpro.commands')
221.642  001.776  000.413: sourcing /root/.local/share/nvim/site/pack/core/opt/onedarkpro.nvim/plugin/onedarkpro.lua
236.907  000.339  000.339: sourcing /usr/share/nvim/runtime/plugin/gzip.vim
259.622  000.327  000.327: sourcing /usr/share/nvim/runtime/pack/dist/opt/matchit/plugin/matchit.vim
260.324  021.730  021.403: sourcing /usr/share/nvim/runtime/plugin/matchit.vim
261.799  000.284  000.284: sourcing /usr/share/nvim/runtime/plugin/matchparen.vim
279.323  000.377  000.377: sourcing /usr/share/nvim/runtime/pack/dist/opt/netrw/plugin/netrwPlugin.vim
280.047  017.260  016.883: sourcing /usr/share/nvim/runtime/plugin/netrwPlugin.vim
282.593  001.516  001.516: sourcing /usr/share/nvim/runtime/plugin/rplugin.vim
283.802  000.220  000.220: sourcing /usr/share/nvim/runtime/plugin/tarPlugin.vim
284.920  000.144  000.144: sourcing /usr/share/nvim/runtime/plugin/tutor.vim
286.421  000.261  000.261: sourcing /usr/share/nvim/runtime/plugin/zipPlugin.vim
287.765  000.362  000.362: sourcing /usr/share/nvim/runtime/plugin/editorconfig.lua
289.157  000.397  000.397: sourcing /usr/share/nvim/runtime/plugin/man.lua
290.591  000.458  000.458: sourcing /usr/share/nvim/runtime/plugin/net.lua
291.937  000.378  000.378: sourcing /usr/share/nvim/runtime/plugin/osc52.lua
293.569  000.642  000.642: sourcing /usr/share/nvim/runtime/plugin/shada.lua
295.304  000.381  000.381: sourcing /usr/share/nvim/runtime/plugin/spellfile.lua
295.743  057.049: loading rtp plugins
298.824  003.081: loading packages
299.073  000.249: loading after plugins
299.095  000.023: inits 3
302.221  003.125: reading ShaDa
303.547  001.327: opening buffers
303.960  000.412: BufEnter autocommands
303.970  000.010: editing files in windows
304.292  000.322: executing command arguments
315.646  001.637  001.637: require('lualine_require')
317.834  006.225  004.588: require('lualine')
318.309  000.059  000.059: sourcing nvim_exec2() called at VimEnter Autocommands for "*":0
329.205  001.626  001.626: require('onedarkpro.lib.color')
329.224  003.261  001.635: require('onedarkpro.helpers')
330.566  001.339  001.339: require('onedarkpro.theme')
331.956  001.382  001.382: require('onedarkpro.themes.onedark')
333.228  001.264  001.264: require('onedarkpro.lib.palette')
335.489  000.026  000.026: sourcing nvim_exec2() called at VimEnter Autocommands for "*":0
335.518  000.007  000.007: sourcing nvim_exec2() called at VimEnter Autocommands for "*":0
335.534  000.004  000.004: sourcing nvim_exec2() called at VimEnter Autocommands for "*":0
335.543  000.002  000.002: sourcing nvim_exec2() called at VimEnter Autocommands for "*":0
335.554  000.003  000.003: sourcing nvim_exec2() called at VimEnter Autocommands for "*":0
335.561  000.002  000.002: sourcing nvim_exec2() called at VimEnter Autocommands for "*":0
335.568  000.003  000.003: sourcing nvim_exec2() called at VimEnter Autocommands for "*":0
335.631  000.009  000.009: sourcing nvim_exec2() called at VimEnter Autocommands for "*":0
335.640  000.003  000.003: sourcing nvim_exec2() called at VimEnter Autocommands for "*":0
335.655  000.004  000.004: sourcing nvim_exec2() called at VimEnter Autocommands for "*":0
335.663  000.003  000.003: sourcing nvim_exec2() called at VimEnter Autocommands for "*":0
335.693  000.004  000.004: sourcing nvim_exec2() called at VimEnter Autocommands for "*":0
335.706  000.003  000.003: sourcing nvim_exec2() called at VimEnter Autocommands for "*":0
335.714  000.003  000.003: sourcing nvim_exec2() called at VimEnter Autocommands for "*":0
335.728  000.003  000.003: sourcing nvim_exec2() called at VimEnter Autocommands for "*":0
335.754  000.022  000.022: sourcing nvim_exec2() called at VimEnter Autocommands for "*":0
345.061  000.697  000.697: require('lualine.utils.mode')
349.152  000.020  000.020: sourcing nvim_exec2() called at VimEnter Autocommands for "*":0
349.176  000.012  000.012: sourcing nvim_exec2() called at VimEnter Autocommands for "*":0
350.526  000.020  000.020: sourcing nvim_exec2() called at VimEnter Autocommands for "*":0
350.543  000.004  000.004: sourcing nvim_exec2() called at VimEnter Autocommands for "*":0
350.561  000.005  000.005: sourcing nvim_exec2() called at VimEnter Autocommands for "*":0
350.572  000.003  000.003: sourcing nvim_exec2() called at VimEnter Autocommands for "*":0
350.580  000.002  000.002: sourcing nvim_exec2() called at VimEnter Autocommands for "*":0
350.592  000.003  000.003: sourcing nvim_exec2() called at VimEnter Autocommands for "*":0
350.602  000.003  000.003: sourcing nvim_exec2() called at VimEnter Autocommands for "*":0
350.616  000.003  000.003: sourcing nvim_exec2() called at VimEnter Autocommands for "*":0
350.623  000.002  000.002: sourcing nvim_exec2() called at VimEnter Autocommands for "*":0
350.630  000.002  000.002: sourcing nvim_exec2() called at VimEnter Autocommands for "*":0
350.639  000.002  000.002: sourcing nvim_exec2() called at VimEnter Autocommands for "*":0
350.646  000.002  000.002: sourcing nvim_exec2() called at VimEnter Autocommands for "*":0
350.654  000.002  000.002: sourcing nvim_exec2() called at VimEnter Autocommands for "*":0
350.705  000.006  000.006: sourcing nvim_exec2() called at VimEnter Autocommands for "*":0
350.739  000.006  000.006: sourcing nvim_exec2() called at VimEnter Autocommands for "*":0
350.749  000.003  000.003: sourcing nvim_exec2() called at VimEnter Autocommands for "*":0
350.757  000.003  000.003: sourcing nvim_exec2() called at VimEnter Autocommands for "*":0
350.768  000.003  000.003: sourcing nvim_exec2() called at VimEnter Autocommands for "*":0
350.775  000.002  000.002: sourcing nvim_exec2() called at VimEnter Autocommands for "*":0
350.785  000.003  000.003: sourcing nvim_exec2() called at VimEnter Autocommands for "*":0
350.792  000.003  000.003: sourcing nvim_exec2() called at VimEnter Autocommands for "*":0
351.573  000.016  000.016: sourcing nvim_exec2() called at VimEnter Autocommands for "*":0
351.585  000.004  000.004: sourcing nvim_exec2() called at VimEnter Autocommands for "*":0
351.592  000.003  000.003: sourcing nvim_exec2() called at VimEnter Autocommands for "*":0
351.602  000.008  000.008: sourcing nvim_exec2() called at VimEnter Autocommands for "*":0
354.576  000.017  000.017: sourcing nvim_exec2() called at VimEnter Autocommands for "*":0
354.596  000.004  000.004: sourcing nvim_exec2() called at VimEnter Autocommands for "*":0
354.607  000.003  000.003: sourcing nvim_exec2() called at VimEnter Autocommands for "*":0
354.625  000.004  000.004: sourcing nvim_exec2() called at VimEnter Autocommands for "*":0
354.634  000.002  000.002: sourcing nvim_exec2() called at VimEnter Autocommands for "*":0
354.646  000.003  000.003: sourcing nvim_exec2() called at VimEnter Autocommands for "*":0
354.657  000.005  000.005: sourcing nvim_exec2() called at VimEnter Autocommands for "*":0
354.677  000.004  000.004: sourcing nvim_exec2() called at VimEnter Autocommands for "*":0
354.695  000.003  000.003: sourcing nvim_exec2() called at VimEnter Autocommands for "*":0
354.704  000.002  000.002: sourcing nvim_exec2() called at VimEnter Autocommands for "*":0
354.719  000.003  000.003: sourcing nvim_exec2() called at VimEnter Autocommands for "*":0
354.732  000.003  000.003: sourcing nvim_exec2() called at VimEnter Autocommands for "*":0
354.747  000.003  000.003: sourcing nvim_exec2() called at VimEnter Autocommands for "*":0
354.761  000.004  000.004: sourcing nvim_exec2() called at VimEnter Autocommands for "*":0
354.779  000.004  000.004: sourcing nvim_exec2() called at VimEnter Autocommands for "*":0
354.789  000.002  000.002: sourcing nvim_exec2() called at VimEnter Autocommands for "*":0
354.799  000.002  000.002: sourcing nvim_exec2() called at VimEnter Autocommands for "*":0
354.811  000.003  000.003: sourcing nvim_exec2() called at VimEnter Autocommands for "*":0
354.821  000.003  000.003: sourcing nvim_exec2() called at VimEnter Autocommands for "*":0
354.829  000.002  000.002: sourcing nvim_exec2() called at VimEnter Autocommands for "*":0
354.841  000.003  000.003: sourcing nvim_exec2() called at VimEnter Autocommands for "*":0
354.855  000.004  000.004: sourcing nvim_exec2() called at VimEnter Autocommands for "*":0
354.868  000.003  000.003: sourcing nvim_exec2() called at VimEnter Autocommands for "*":0
354.991  000.005  000.005: sourcing nvim_exec2() called at VimEnter Autocommands for "*":0
355.009  000.003  000.003: sourcing nvim_exec2() called at VimEnter Autocommands for "*":0
355.064  000.005  000.005: sourcing nvim_exec2() called at VimEnter Autocommands for "*":0
355.100  000.004  000.004: sourcing nvim_exec2() called at VimEnter Autocommands for "*":0
355.112  000.005  000.005: sourcing nvim_exec2() called at VimEnter Autocommands for "*":0
358.984  000.054  000.054: sourcing nvim_exec2() called at VimEnter Autocommands for "*":0
359.066  000.015  000.015: sourcing nvim_exec2() called at VimEnter Autocommands for "*":0
359.094  000.021  000.021: sourcing nvim_exec2() called at VimEnter Autocommands for "*":0
359.118  000.017  000.017: sourcing nvim_exec2() called at VimEnter Autocommands for "*":0
359.132  000.007  000.007: sourcing nvim_exec2() called at VimEnter Autocommands for "*":0
360.500  000.018  000.018: sourcing nvim_exec2() called at nvim_exec2() called at VimEnter Autocommands for "*":0:1
360.863  000.347  000.347: sourcing nvim_exec2() called at nvim_exec2() called at VimEnter Autocommands for "*":0:1
366.514  007.289  006.925: sourcing nvim_exec2() called at VimEnter Autocommands for "*":0
376.976  000.393  000.393: sourcing /root/.local/share/nvim/site/pack/core/opt/which-key.nvim/plugin/which-key.lua
381.505  002.763  002.763: require('which-key')
383.326  001.802  001.802: require('which-key.config')
383.567  052.331: VimEnter autocommands
383.643  000.076: UIEnter autocommands
383.647  000.004: before starting main loop
384.694  001.047: first screen update
384.697  000.003: --- NVIM STARTED ---

